// Jest Snapshot v1, https://goo.gl/fbAQLP

exports[`renders correctly 1`] = `
<div class="card">
  <!--v-if-->
  <div class="meta">
    <div class="title"></div>
    <div class="authors"></div>
  </div>
</div>
`;
