// Jest Snapshot v1, https://goo.gl/fbAQLP

exports[`Button renders correctly 1`] = `"<button type=\\"submit\\" class=\\"\\"></button>"`;

exports[`Foo renders a div 1`] = `"<button type=\\"submit\\" class=\\"\\"></button>"`;
