// Jest Snapshot v1, https://goo.gl/fbAQLP

exports[`UserCard.vue renders correctly 1`] = `<div> By <a href="#">TEST_USER</a> at <span>TEST_CREATED_AT</span></div>`;
